Info,  T439648: begin import of model: resources/models/cube.fbx
Info,  T439648: Load resources/models/cube.fbx
Debug, T439648: Assimp 6.0.3674988149 amd64 msvc debug shared singlethreadedsingle : 
Info,  T439648: Found a matching importer for this file format: Autodesk FBX Importer.
Info,  T439648: Import root directory is 'resources/models\'
Debug, T439648: Reading FBX file
Debug, T439648: Tokenizing binary FBX file
Debug, T439648: FBX version: 7400
Debug, T439648: Parsing FBX tokens
Debug, T439648: Creating FBX Document
Debug, T439648: FBX Version: 7400
Error, T439648: FBX: no material assigned to mesh, setting default material
Debug, T439648: UpdateImporterScale scale set: 0.01
Debug, T439648: ValidateDataStructureProcess begin
Debug, T439648: ValidateDataStructureProcess end
Info,  T439648: Entering post processing pipeline
Debug, T439648: FindInstancesProcess begin
Debug, T439648: FindInstancesProcess finished. No instanced meshes found
Debug, T439648: OptimizeGraphProcess begin
Info,  T439648: OptimizeGraphProcess finished; Input nodes: 2, Output nodes: 1
Debug, T439648: GenUVCoordsProcess begin
Debug, T439648: GenUVCoordsProcess finished
Debug, T439648: TriangulateProcess begin
Debug, T439648: TriangulateProcess finished. There was nothing to be done.
Debug, T439648: FindDegeneratesProcess begin
Debug, T439648: FindDegeneratesProcess finished
Debug, T439648: FindInvalidDataProcess begin
Info,  T439648: FindInvalidDataProcess finished. Found issues ...
Debug, T439648: Skipping OptimizeMeshesProcess
Debug, T439648: Generate spatially-sorted vertex cache
Debug, T439648: CalcTangentsProcess begin
Debug, T439648: CalcTangentsProcess finished
Debug, T439648: JoinVerticesProcess begin
Debug, T439648: Mesh 0 (Cube.001) | Verts in: 36 out: 24 | ~33.3333%
Info,  T439648: JoinVerticesProcess finished | Verts in: 36 out: 24 | ~33.3333
Info,  T439648: Leaving post processing pipeline
Info,  T439648: Model loaded successfully: resources/models/cube.fbx
