[2025-09-28 01:19:01] [info] Other Environment version 0.0.1
[2025-09-28 01:19:01] [debug] Found hostfxr library at: C:\Program Files\dotnet/host/fxr\9.0.6\hostfxr.dll
[2025-09-28 01:19:01] [debug] Binding interop table...
[2025-09-28 01:19:01] [trace] Loaded managed function CreateAssemblyLoadContext (OtherCsBindings.AssemblyLoader, OtherCsBindings) | handle: 0x7ff93c833870
[2025-09-28 01:19:01] [trace] Loaded managed function UnloadAssemblyLoadContext (OtherCsBindings.AssemblyLoader, OtherCsBindings) | handle: 0x7ff93c833918
[2025-09-28 01:19:01] [trace] Loaded managed function GetLastLoadStatus (OtherCsBindings.AssemblyLoader, OtherCsBindings) | handle: 0x7ff93c833948
[2025-09-28 01:19:01] [trace] Loaded managed function LoadManagedAssembly (OtherCsBindings.AssemblyLoader, OtherCsBindings) | handle: 0x7ff93c833960
[2025-09-28 01:19:01] [trace] Loaded managed function UnloadManagedAssembly (OtherCsBindings.AssemblyLoader, OtherCsBindings) | handle: 0x7ff93c833978
[2025-09-28 01:19:01] [trace] Loaded managed function GetAssemblyName (OtherCsBindings.AssemblyLoader, OtherCsBindings) | handle: 0x7ff93c833990
[2025-09-28 01:19:01] [trace] Loaded managed function RegisterInternalCall (OtherCsBindings.NativeFunctionManager, OtherCsBindings) | handle: 0x7ff93c8339a8
[2025-09-28 01:19:01] [trace] Loaded managed function GetAssemblyTypes (OtherCsBindings.TypeInterface, OtherCsBindings) | handle: 0x7ff93c8339c0
[2025-09-28 01:19:01] [trace] Loaded managed function GetNetCoreTypes (OtherCsBindings.TypeInterface, OtherCsBindings) | handle: 0x7ff93c8339d8
[2025-09-28 01:19:01] [trace] Loaded managed function GetTypeId (OtherCsBindings.TypeInterface, OtherCsBindings) | handle: 0x7ff93c8339f0
[2025-09-28 01:19:01] [trace] Loaded managed function GetFullTypeName (OtherCsBindings.TypeInterface, OtherCsBindings) | handle: 0x7ff93c833a08
[2025-09-28 01:19:01] [trace] Loaded managed function GetTypeMethods (OtherCsBindings.TypeInterface, OtherCsBindings) | handle: 0x7ff93c833a20
[2025-09-28 01:19:01] [trace] Loaded managed function GetTypeFields (OtherCsBindings.TypeInterface, OtherCsBindings) | handle: 0x7ff93c833a38
[2025-09-28 01:19:01] [trace] Loaded managed function GetTypeProperties (OtherCsBindings.TypeInterface, OtherCsBindings) | handle: 0x7ff93c833a50
[2025-09-28 01:19:01] [trace] Loaded managed function GetAttributes (OtherCsBindings.TypeInterface, OtherCsBindings) | handle: 0x7ff93c833a68
[2025-09-28 01:19:01] [trace] Loaded managed function HasAttribute (OtherCsBindings.TypeInterface, OtherCsBindings) | handle: 0x7ff93c833a80
[2025-09-28 01:19:01] [trace] Loaded managed function GetMethodName (OtherCsBindings.TypeInterface, OtherCsBindings) | handle: 0x7ff93c833a98
[2025-09-28 01:19:01] [trace] Loaded managed function GetMethodReturnType (OtherCsBindings.TypeInterface, OtherCsBindings) | handle: 0x7ff93c833ab0
[2025-09-28 01:19:01] [trace] Loaded managed function GetMethodAccessibility (OtherCsBindings.TypeInterface, OtherCsBindings) | handle: 0x7ff93c833ac8
[2025-09-28 01:19:01] [trace] Loaded managed function GetMethodParameterTypes (OtherCsBindings.TypeInterface, OtherCsBindings) | handle: 0x7ff93c833ae0
[2025-09-28 01:19:01] [trace] Loaded managed function GetMethodAttributes (OtherCsBindings.TypeInterface, OtherCsBindings) | handle: 0x7ff93c833af8
[2025-09-28 01:19:01] [trace] Loaded managed function HasField (OtherCsBindings.TypeInterface, OtherCsBindings) | handle: 0x7ff93c833b10
[2025-09-28 01:19:01] [trace] Loaded managed function GetFieldName (OtherCsBindings.TypeInterface, OtherCsBindings) | handle: 0x7ff93c833b28
[2025-09-28 01:19:01] [trace] Loaded managed function GetFieldType (OtherCsBindings.TypeInterface, OtherCsBindings) | handle: 0x7ff93c833b40
[2025-09-28 01:19:01] [trace] Loaded managed function GetFieldValueType (OtherCsBindings.TypeInterface, OtherCsBindings) | handle: 0x7ff93c833b58
[2025-09-28 01:19:01] [trace] Loaded managed function GetFieldAccessibility (OtherCsBindings.TypeInterface, OtherCsBindings) | handle: 0x7ff93c833b70
[2025-09-28 01:19:01] [trace] Loaded managed function GetFieldAttributes (OtherCsBindings.TypeInterface, OtherCsBindings) | handle: 0x7ff93c833b88
[2025-09-28 01:19:01] [trace] Loaded managed function GetPropertyName (OtherCsBindings.TypeInterface, OtherCsBindings) | handle: 0x7ff93c833ba0
[2025-09-28 01:19:01] [trace] Loaded managed function GetPropertyType (OtherCsBindings.TypeInterface, OtherCsBindings) | handle: 0x7ff93c833bb8
[2025-09-28 01:19:01] [trace] Loaded managed function GetPropertyAttributes (OtherCsBindings.TypeInterface, OtherCsBindings) | handle: 0x7ff93c833bd0
[2025-09-28 01:19:01] [trace] Loaded managed function GetAttributeType (OtherCsBindings.TypeInterface, OtherCsBindings) | handle: 0x7ff93c833be8
[2025-09-28 01:19:01] [trace] Loaded managed function GetAttributeValue (OtherCsBindings.TypeInterface, OtherCsBindings) | handle: 0x7ff93c833c00
[2025-09-28 01:19:01] [trace] Loaded managed function CreateObject (OtherCsBindings.ManagedObject, OtherCsBindings) | handle: 0x7ff93c833c18
[2025-09-28 01:19:01] [trace] Loaded managed function DestroyObject (OtherCsBindings.ManagedObject, OtherCsBindings) | handle: 0x7ff93c833c30
[2025-09-28 01:19:01] [trace] Loaded managed function InvokeMethod (OtherCsBindings.ManagedObject, OtherCsBindings) | handle: 0x7ff93c833c48
[2025-09-28 01:19:01] [trace] Loaded managed function InvokeMethodRet (OtherCsBindings.ManagedObject, OtherCsBindings) | handle: 0x7ff93c833c60
[2025-09-28 01:19:01] [trace] Loaded managed function SetField (OtherCsBindings.ManagedObject, OtherCsBindings) | handle: 0x7ff93c833c78
[2025-09-28 01:19:01] [trace] Loaded managed function GetField (OtherCsBindings.ManagedObject, OtherCsBindings) | handle: 0x7ff93c833c90
[2025-09-28 01:19:01] [trace] Loaded managed function SetProperty (OtherCsBindings.ManagedObject, OtherCsBindings) | handle: 0x7ff93c833ca8
[2025-09-28 01:19:01] [trace] Loaded managed function GetProperty (OtherCsBindings.ManagedObject, OtherCsBindings) | handle: 0x7ff93c833cc0
[2025-09-28 01:19:01] [trace] Loaded managed function SetStringField (OtherCsBindings.ManagedObject, OtherCsBindings) | handle: 0x7ff93c833cd8
[2025-09-28 01:19:01] [trace] Loaded managed function GetStringField (OtherCsBindings.ManagedObject, OtherCsBindings) | handle: 0x7ff93c833cf0
[2025-09-28 01:19:01] [trace] Loaded managed function SetStringProperty (OtherCsBindings.ManagedObject, OtherCsBindings) | handle: 0x7ff93c833d08
[2025-09-28 01:19:01] [trace] Loaded managed function GetStringProperty (OtherCsBindings.ManagedObject, OtherCsBindings) | handle: 0x7ff93c833d20
[2025-09-28 01:19:01] [trace] Loaded managed function GetStringFieldLength (OtherCsBindings.ManagedObject, OtherCsBindings) | handle: 0x7ff93c833d38
[2025-09-28 01:19:01] [trace] Loaded managed function GetStringPropertyLength (OtherCsBindings.ManagedObject, OtherCsBindings) | handle: 0x7ff93c833d50
[2025-09-28 01:19:01] [trace] Loaded managed function CollectGarbage (OtherCsBindings.GarbageCollector, OtherCsBindings) | handle: 0x7ff93c833d68
[2025-09-28 01:19:01] [trace] Loaded managed function WaitForPendingFinalizers (OtherCsBindings.GarbageCollector, OtherCsBindings) | handle: 0x7ff93c833d80
[2025-09-28 01:19:01] [trace] Loaded managed function Entry (OtherCsBindings.Host, OtherCsBindings) | handle: 0x7ff93c839608
[2025-09-28 01:19:01] [info]  [C#] Initializing Other Environment .NET Host | Entry | 62
[2025-09-28 01:19:01] [debug]  [C#] Loaded core assembly : System.Private.CoreLib, Version=9.0.0.0, Culture=neutral, PublicKeyToken=7cec85d7bea7798e | LoadNetCoreAssembly | 407
[2025-09-28 01:19:01] [debug]  [C#] Loaded core assembly : System.Runtime, Version=9.0.0.0, Culture=neutral, PublicKeyToken=b03f5f7f11d50a3a | LoadNetCoreAssembly | 407
[2025-09-28 01:19:01] [debug]  [C#] Loaded core assembly : System.Console, Version=9.0.0.0, Culture=neutral, PublicKeyToken=b03f5f7f11d50a3a | LoadNetCoreAssembly | 407
[2025-09-28 01:19:01] [debug]  [C#] Loaded core assembly : System.Linq, Version=9.0.0.0, Culture=neutral, PublicKeyToken=b03f5f7f11d50a3a | LoadNetCoreAssembly | 407
[2025-09-28 01:19:01] [debug]  [C#] Loaded core assembly : System.Collections, Version=9.0.0.0, Culture=neutral, PublicKeyToken=b03f5f7f11d50a3a | LoadNetCoreAssembly | 407
[2025-09-28 01:19:01] [debug]  [C#] Loaded core assembly : System.Net.Http, Version=9.0.0.0, Culture=neutral, PublicKeyToken=b03f5f7f11d50a3a | LoadNetCoreAssembly | 407
[2025-09-28 01:19:01] [debug]  [C#] Loaded core assembly : System.IO, Version=9.0.0.0, Culture=neutral, PublicKeyToken=b03f5f7f11d50a3a | LoadNetCoreAssembly | 407
[2025-09-28 01:19:01] [debug]  [C#] Loaded core assembly : System.Threading, Version=9.0.0.0, Culture=neutral, PublicKeyToken=b03f5f7f11d50a3a | LoadNetCoreAssembly | 407
[2025-09-28 01:19:01] [debug]  [C#] Bindings Assembly Loaded : [OtherCsBindings, Version=1.0.0.0, Culture=neutral, PublicKeyToken=null] | LoadCoreAssemblies | 378
[2025-09-28 01:19:01] [info] Created assembly context [17414871673219451418:Other-DotNet-Assembly-Context]
[2025-09-28 01:19:01] [info] Creating Python interpreter...
[2025-09-28 01:19:01] [info] Running Other Environment driver...
[2025-09-28 01:19:01] [info] Connected to server at 127.0.0.1
[2025-09-28 01:19:01] [info] Destroying Python interpreter...
[2025-09-28 01:19:01] [info] Destroying assembly context [17414871673219451418:Other-DotNet-Assembly-Context]
[2025-09-28 01:19:01] [info] Destroyed assembly context with ID 17414871673219451418
[2025-09-28 01:19:01] [info] Other Environment driver finished with exit code: SUCCESS
