[2025-09-27 17:40:47] [info] Other Environment version 0.0.1
[2025-09-27 17:40:47] [debug] Found hostfxr library at: C:\Program Files\dotnet/host/fxr\9.0.6\hostfxr.dll
[2025-09-27 17:40:47] [debug] Binding interop table...
[2025-09-27 17:40:47] [trace] Loaded managed function CreateAssemblyLoadContext (OtherCsBindings.AssemblyLoader, OtherCsBindings) | handle: 0x7ff943b63870
[2025-09-27 17:40:47] [trace] Loaded managed function UnloadAssemblyLoadContext (OtherCsBindings.AssemblyLoader, OtherCsBindings) | handle: 0x7ff943b63918
[2025-09-27 17:40:47] [trace] Loaded managed function GetLastLoadStatus (OtherCsBindings.AssemblyLoader, OtherCsBindings) | handle: 0x7ff943b63948
[2025-09-27 17:40:47] [trace] Loaded managed function LoadManagedAssembly (OtherCsBindings.AssemblyLoader, OtherCsBindings) | handle: 0x7ff943b63960
[2025-09-27 17:40:47] [trace] Loaded managed function UnloadManagedAssembly (OtherCsBindings.AssemblyLoader, OtherCsBindings) | handle: 0x7ff943b63978
[2025-09-27 17:40:47] [trace] Loaded managed function GetAssemblyName (OtherCsBindings.AssemblyLoader, OtherCsBindings) | handle: 0x7ff943b63990
[2025-09-27 17:40:47] [trace] Loaded managed function RegisterInternalCall (OtherCsBindings.NativeFunctionManager, OtherCsBindings) | handle: 0x7ff943b639a8
[2025-09-27 17:40:47] [trace] Loaded managed function GetAssemblyTypes (OtherCsBindings.TypeInterface, OtherCsBindings) | handle: 0x7ff943b639c0
[2025-09-27 17:40:47] [trace] Loaded managed function GetNetCoreTypes (OtherCsBindings.TypeInterface, OtherCsBindings) | handle: 0x7ff943b639d8
[2025-09-27 17:40:47] [trace] Loaded managed function GetTypeId (OtherCsBindings.TypeInterface, OtherCsBindings) | handle: 0x7ff943b639f0
[2025-09-27 17:40:47] [trace] Loaded managed function GetFullTypeName (OtherCsBindings.TypeInterface, OtherCsBindings) | handle: 0x7ff943b63a08
[2025-09-27 17:40:47] [trace] Loaded managed function GetTypeMethods (OtherCsBindings.TypeInterface, OtherCsBindings) | handle: 0x7ff943b63a20
[2025-09-27 17:40:47] [trace] Loaded managed function GetTypeFields (OtherCsBindings.TypeInterface, OtherCsBindings) | handle: 0x7ff943b63a38
[2025-09-27 17:40:47] [trace] Loaded managed function GetTypeProperties (OtherCsBindings.TypeInterface, OtherCsBindings) | handle: 0x7ff943b63a50
[2025-09-27 17:40:47] [trace] Loaded managed function GetAttributes (OtherCsBindings.TypeInterface, OtherCsBindings) | handle: 0x7ff943b63a68
[2025-09-27 17:40:47] [trace] Loaded managed function HasAttribute (OtherCsBindings.TypeInterface, OtherCsBindings) | handle: 0x7ff943b63a80
[2025-09-27 17:40:47] [trace] Loaded managed function GetMethodName (OtherCsBindings.TypeInterface, OtherCsBindings) | handle: 0x7ff943b63a98
[2025-09-27 17:40:47] [trace] Loaded managed function GetMethodReturnType (OtherCsBindings.TypeInterface, OtherCsBindings) | handle: 0x7ff943b63ab0
[2025-09-27 17:40:47] [trace] Loaded managed function GetMethodAccessibility (OtherCsBindings.TypeInterface, OtherCsBindings) | handle: 0x7ff943b63ac8
[2025-09-27 17:40:47] [trace] Loaded managed function GetMethodParameterTypes (OtherCsBindings.TypeInterface, OtherCsBindings) | handle: 0x7ff943b63ae0
[2025-09-27 17:40:47] [trace] Loaded managed function GetMethodAttributes (OtherCsBindings.TypeInterface, OtherCsBindings) | handle: 0x7ff943b63af8
[2025-09-27 17:40:47] [trace] Loaded managed function HasField (OtherCsBindings.TypeInterface, OtherCsBindings) | handle: 0x7ff943b63b10
[2025-09-27 17:40:47] [trace] Loaded managed function GetFieldName (OtherCsBindings.TypeInterface, OtherCsBindings) | handle: 0x7ff943b63b28
[2025-09-27 17:40:47] [trace] Loaded managed function GetFieldType (OtherCsBindings.TypeInterface, OtherCsBindings) | handle: 0x7ff943b63b40
[2025-09-27 17:40:47] [trace] Loaded managed function GetFieldValueType (OtherCsBindings.TypeInterface, OtherCsBindings) | handle: 0x7ff943b63b58
[2025-09-27 17:40:47] [trace] Loaded managed function GetFieldAccessibility (OtherCsBindings.TypeInterface, OtherCsBindings) | handle: 0x7ff943b63b70
[2025-09-27 17:40:47] [trace] Loaded managed function GetFieldAttributes (OtherCsBindings.TypeInterface, OtherCsBindings) | handle: 0x7ff943b63b88
[2025-09-27 17:40:47] [trace] Loaded managed function GetPropertyName (OtherCsBindings.TypeInterface, OtherCsBindings) | handle: 0x7ff943b63ba0
[2025-09-27 17:40:47] [trace] Loaded managed function GetPropertyType (OtherCsBindings.TypeInterface, OtherCsBindings) | handle: 0x7ff943b63bb8
[2025-09-27 17:40:47] [trace] Loaded managed function GetPropertyAttributes (OtherCsBindings.TypeInterface, OtherCsBindings) | handle: 0x7ff943b63bd0
[2025-09-27 17:40:47] [trace] Loaded managed function GetAttributeType (OtherCsBindings.TypeInterface, OtherCsBindings) | handle: 0x7ff943b63be8
[2025-09-27 17:40:47] [trace] Loaded managed function GetAttributeValue (OtherCsBindings.TypeInterface, OtherCsBindings) | handle: 0x7ff943b63c00
[2025-09-27 17:40:47] [trace] Loaded managed function CreateObject (OtherCsBindings.ManagedObject, OtherCsBindings) | handle: 0x7ff943b63c18
[2025-09-27 17:40:47] [trace] Loaded managed function DestroyObject (OtherCsBindings.ManagedObject, OtherCsBindings) | handle: 0x7ff943b63c30
[2025-09-27 17:40:47] [trace] Loaded managed function InvokeMethod (OtherCsBindings.ManagedObject, OtherCsBindings) | handle: 0x7ff943b63c48
[2025-09-27 17:40:47] [trace] Loaded managed function InvokeMethodRet (OtherCsBindings.ManagedObject, OtherCsBindings) | handle: 0x7ff943b63c60
[2025-09-27 17:40:47] [trace] Loaded managed function SetField (OtherCsBindings.ManagedObject, OtherCsBindings) | handle: 0x7ff943b63c78
[2025-09-27 17:40:47] [trace] Loaded managed function GetField (OtherCsBindings.ManagedObject, OtherCsBindings) | handle: 0x7ff943b63c90
[2025-09-27 17:40:47] [trace] Loaded managed function SetProperty (OtherCsBindings.ManagedObject, OtherCsBindings) | handle: 0x7ff943b63ca8
[2025-09-27 17:40:47] [trace] Loaded managed function GetProperty (OtherCsBindings.ManagedObject, OtherCsBindings) | handle: 0x7ff943b63cc0
[2025-09-27 17:40:47] [trace] Loaded managed function SetStringField (OtherCsBindings.ManagedObject, OtherCsBindings) | handle: 0x7ff943b63cd8
[2025-09-27 17:40:47] [trace] Loaded managed function GetStringField (OtherCsBindings.ManagedObject, OtherCsBindings) | handle: 0x7ff943b63cf0
[2025-09-27 17:40:47] [trace] Loaded managed function SetStringProperty (OtherCsBindings.ManagedObject, OtherCsBindings) | handle: 0x7ff943b63d08
[2025-09-27 17:40:47] [trace] Loaded managed function GetStringProperty (OtherCsBindings.ManagedObject, OtherCsBindings) | handle: 0x7ff943b63d20
[2025-09-27 17:40:47] [trace] Loaded managed function GetStringFieldLength (OtherCsBindings.ManagedObject, OtherCsBindings) | handle: 0x7ff943b63d38
[2025-09-27 17:40:47] [trace] Loaded managed function GetStringPropertyLength (OtherCsBindings.ManagedObject, OtherCsBindings) | handle: 0x7ff943b63d50
[2025-09-27 17:40:47] [trace] Loaded managed function CollectGarbage (OtherCsBindings.GarbageCollector, OtherCsBindings) | handle: 0x7ff943b63d68
[2025-09-27 17:40:47] [trace] Loaded managed function WaitForPendingFinalizers (OtherCsBindings.GarbageCollector, OtherCsBindings) | handle: 0x7ff943b63d80
[2025-09-27 17:40:47] [trace] Loaded managed function Entry (OtherCsBindings.Host, OtherCsBindings) | handle: 0x7ff943b69608
[2025-09-27 17:40:47] [info]  [C#] Initializing Other Environment .NET Host | Entry | 62
[2025-09-27 17:40:47] [debug]  [C#] Loaded core assembly : System.Private.CoreLib, Version=9.0.0.0, Culture=neutral, PublicKeyToken=7cec85d7bea7798e | LoadNetCoreAssembly | 407
[2025-09-27 17:40:47] [debug]  [C#] Loaded core assembly : System.Runtime, Version=9.0.0.0, Culture=neutral, PublicKeyToken=b03f5f7f11d50a3a | LoadNetCoreAssembly | 407
[2025-09-27 17:40:47] [debug]  [C#] Loaded core assembly : System.Console, Version=9.0.0.0, Culture=neutral, PublicKeyToken=b03f5f7f11d50a3a | LoadNetCoreAssembly | 407
[2025-09-27 17:40:47] [debug]  [C#] Loaded core assembly : System.Linq, Version=9.0.0.0, Culture=neutral, PublicKeyToken=b03f5f7f11d50a3a | LoadNetCoreAssembly | 407
[2025-09-27 17:40:47] [debug]  [C#] Loaded core assembly : System.Collections, Version=9.0.0.0, Culture=neutral, PublicKeyToken=b03f5f7f11d50a3a | LoadNetCoreAssembly | 407
[2025-09-27 17:40:47] [debug]  [C#] Loaded core assembly : System.Net.Http, Version=9.0.0.0, Culture=neutral, PublicKeyToken=b03f5f7f11d50a3a | LoadNetCoreAssembly | 407
[2025-09-27 17:40:47] [debug]  [C#] Loaded core assembly : System.IO, Version=9.0.0.0, Culture=neutral, PublicKeyToken=b03f5f7f11d50a3a | LoadNetCoreAssembly | 407
[2025-09-27 17:40:47] [debug]  [C#] Loaded core assembly : System.Threading, Version=9.0.0.0, Culture=neutral, PublicKeyToken=b03f5f7f11d50a3a | LoadNetCoreAssembly | 407
[2025-09-27 17:40:47] [debug]  [C#] Bindings Assembly Loaded : [OtherCsBindings, Version=1.0.0.0, Culture=neutral, PublicKeyToken=null] | LoadCoreAssemblies | 378
[2025-09-27 17:40:47] [info] Created assembly context [17414871673219451418:Other-DotNet-Assembly-Context]
[2025-09-27 17:40:47] [info] Creating Python interpreter...
[2025-09-27 17:40:47] [info] Running Other Environment driver...
[2025-09-27 17:40:47] [debug] Setting up signal handlers for server shutdown
[2025-09-27 17:40:49] [info] Received signal 2, shutting down server...
[2025-09-27 17:40:49] [info] Destroying Python interpreter...
[2025-09-27 17:40:49] [info] Destroying assembly context [17414871673219451418:Other-DotNet-Assembly-Context]
[2025-09-27 17:40:49] [info] Destroyed assembly context with ID 17414871673219451418
[2025-09-27 17:40:49] [info] Other Environment driver finished with exit code: SUCCESS
