[2025-09-30 22:58:22 -  157300] [info] Other Environment version 0.0.1
[2025-09-30 22:58:22 -  157300] [debug] Found hostfxr library at: C:\Program Files\dotnet/host/fxr\9.0.6\hostfxr.dll
[2025-09-30 22:58:22 -  157300] [debug] Binding interop table...
[2025-09-30 22:58:22 -  157300] [trace] Loaded managed function CreateAssemblyLoadContext (OtherCsBindings.AssemblyLoader, OtherCsBindings) | handle: 0x7ffa364c3870
[2025-09-30 22:58:22 -  157300] [trace] Loaded managed function UnloadAssemblyLoadContext (OtherCsBindings.AssemblyLoader, OtherCsBindings) | handle: 0x7ffa364c3918
[2025-09-30 22:58:22 -  157300] [trace] Loaded managed function GetLastLoadStatus (OtherCsBindings.AssemblyLoader, OtherCsBindings) | handle: 0x7ffa364c3948
[2025-09-30 22:58:22 -  157300] [trace] Loaded managed function LoadManagedAssembly (OtherCsBindings.AssemblyLoader, OtherCsBindings) | handle: 0x7ffa364c3960
[2025-09-30 22:58:22 -  157300] [trace] Loaded managed function UnloadManagedAssembly (OtherCsBindings.AssemblyLoader, OtherCsBindings) | handle: 0x7ffa364c3978
[2025-09-30 22:58:22 -  157300] [trace] Loaded managed function GetAssemblyName (OtherCsBindings.AssemblyLoader, OtherCsBindings) | handle: 0x7ffa364c3990
[2025-09-30 22:58:22 -  157300] [trace] Loaded managed function RegisterInternalCall (OtherCsBindings.NativeFunctionManager, OtherCsBindings) | handle: 0x7ffa364c39a8
[2025-09-30 22:58:22 -  157300] [trace] Loaded managed function GetAssemblyTypes (OtherCsBindings.TypeInterface, OtherCsBindings) | handle: 0x7ffa364c39c0
[2025-09-30 22:58:22 -  157300] [trace] Loaded managed function GetNetCoreTypes (OtherCsBindings.TypeInterface, OtherCsBindings) | handle: 0x7ffa364c39d8
[2025-09-30 22:58:22 -  157300] [trace] Loaded managed function GetTypeId (OtherCsBindings.TypeInterface, OtherCsBindings) | handle: 0x7ffa364c39f0
[2025-09-30 22:58:22 -  157300] [trace] Loaded managed function GetFullTypeName (OtherCsBindings.TypeInterface, OtherCsBindings) | handle: 0x7ffa364c3a08
[2025-09-30 22:58:22 -  157300] [trace] Loaded managed function GetTypeMethods (OtherCsBindings.TypeInterface, OtherCsBindings) | handle: 0x7ffa364c3a20
[2025-09-30 22:58:22 -  157300] [trace] Loaded managed function GetTypeFields (OtherCsBindings.TypeInterface, OtherCsBindings) | handle: 0x7ffa364c3a38
[2025-09-30 22:58:22 -  157300] [trace] Loaded managed function GetTypeProperties (OtherCsBindings.TypeInterface, OtherCsBindings) | handle: 0x7ffa364c3a50
[2025-09-30 22:58:22 -  157300] [trace] Loaded managed function GetAttributes (OtherCsBindings.TypeInterface, OtherCsBindings) | handle: 0x7ffa364c3a68
[2025-09-30 22:58:22 -  157300] [trace] Loaded managed function HasAttribute (OtherCsBindings.TypeInterface, OtherCsBindings) | handle: 0x7ffa364c3a80
[2025-09-30 22:58:22 -  157300] [trace] Loaded managed function GetMethodName (OtherCsBindings.TypeInterface, OtherCsBindings) | handle: 0x7ffa364c3a98
[2025-09-30 22:58:22 -  157300] [trace] Loaded managed function GetMethodReturnType (OtherCsBindings.TypeInterface, OtherCsBindings) | handle: 0x7ffa364c3ab0
[2025-09-30 22:58:22 -  157300] [trace] Loaded managed function GetMethodAccessibility (OtherCsBindings.TypeInterface, OtherCsBindings) | handle: 0x7ffa364c3ac8
[2025-09-30 22:58:22 -  157300] [trace] Loaded managed function GetMethodParameterTypes (OtherCsBindings.TypeInterface, OtherCsBindings) | handle: 0x7ffa364c3ae0
[2025-09-30 22:58:22 -  157300] [trace] Loaded managed function GetMethodAttributes (OtherCsBindings.TypeInterface, OtherCsBindings) | handle: 0x7ffa364c3af8
[2025-09-30 22:58:22 -  157300] [trace] Loaded managed function HasField (OtherCsBindings.TypeInterface, OtherCsBindings) | handle: 0x7ffa364c3b10
[2025-09-30 22:58:22 -  157300] [trace] Loaded managed function GetFieldName (OtherCsBindings.TypeInterface, OtherCsBindings) | handle: 0x7ffa364c3b28
[2025-09-30 22:58:22 -  157300] [trace] Loaded managed function GetFieldType (OtherCsBindings.TypeInterface, OtherCsBindings) | handle: 0x7ffa364c3b40
[2025-09-30 22:58:22 -  157300] [trace] Loaded managed function GetFieldValueType (OtherCsBindings.TypeInterface, OtherCsBindings) | handle: 0x7ffa364c3b58
[2025-09-30 22:58:22 -  157300] [trace] Loaded managed function GetFieldAccessibility (OtherCsBindings.TypeInterface, OtherCsBindings) | handle: 0x7ffa364c3b70
[2025-09-30 22:58:22 -  157300] [trace] Loaded managed function GetFieldAttributes (OtherCsBindings.TypeInterface, OtherCsBindings) | handle: 0x7ffa364c3b88
[2025-09-30 22:58:22 -  157300] [trace] Loaded managed function GetPropertyName (OtherCsBindings.TypeInterface, OtherCsBindings) | handle: 0x7ffa364c3ba0
[2025-09-30 22:58:22 -  157300] [trace] Loaded managed function GetPropertyType (OtherCsBindings.TypeInterface, OtherCsBindings) | handle: 0x7ffa364c3bb8
[2025-09-30 22:58:22 -  157300] [trace] Loaded managed function GetPropertyAttributes (OtherCsBindings.TypeInterface, OtherCsBindings) | handle: 0x7ffa364c3bd0
[2025-09-30 22:58:22 -  157300] [trace] Loaded managed function GetAttributeType (OtherCsBindings.TypeInterface, OtherCsBindings) | handle: 0x7ffa364c3be8
[2025-09-30 22:58:22 -  157300] [trace] Loaded managed function GetAttributeValue (OtherCsBindings.TypeInterface, OtherCsBindings) | handle: 0x7ffa364c3c00
[2025-09-30 22:58:22 -  157300] [trace] Loaded managed function CreateObject (OtherCsBindings.ManagedObject, OtherCsBindings) | handle: 0x7ffa364c3c18
[2025-09-30 22:58:22 -  157300] [trace] Loaded managed function DestroyObject (OtherCsBindings.ManagedObject, OtherCsBindings) | handle: 0x7ffa364c3c30
[2025-09-30 22:58:22 -  157300] [trace] Loaded managed function InvokeMethod (OtherCsBindings.ManagedObject, OtherCsBindings) | handle: 0x7ffa364c3c48
[2025-09-30 22:58:22 -  157300] [trace] Loaded managed function InvokeMethodRet (OtherCsBindings.ManagedObject, OtherCsBindings) | handle: 0x7ffa364c3c60
[2025-09-30 22:58:22 -  157300] [trace] Loaded managed function SetField (OtherCsBindings.ManagedObject, OtherCsBindings) | handle: 0x7ffa364c3c78
[2025-09-30 22:58:22 -  157300] [trace] Loaded managed function GetField (OtherCsBindings.ManagedObject, OtherCsBindings) | handle: 0x7ffa364c3c90
[2025-09-30 22:58:22 -  157300] [trace] Loaded managed function SetProperty (OtherCsBindings.ManagedObject, OtherCsBindings) | handle: 0x7ffa364c3ca8
[2025-09-30 22:58:22 -  157300] [trace] Loaded managed function GetProperty (OtherCsBindings.ManagedObject, OtherCsBindings) | handle: 0x7ffa364c3cc0
[2025-09-30 22:58:22 -  157300] [trace] Loaded managed function SetStringField (OtherCsBindings.ManagedObject, OtherCsBindings) | handle: 0x7ffa364c3cd8
[2025-09-30 22:58:22 -  157300] [trace] Loaded managed function GetStringField (OtherCsBindings.ManagedObject, OtherCsBindings) | handle: 0x7ffa364c3cf0
[2025-09-30 22:58:22 -  157300] [trace] Loaded managed function SetStringProperty (OtherCsBindings.ManagedObject, OtherCsBindings) | handle: 0x7ffa364c3d08
[2025-09-30 22:58:22 -  157300] [trace] Loaded managed function GetStringProperty (OtherCsBindings.ManagedObject, OtherCsBindings) | handle: 0x7ffa364c3d20
[2025-09-30 22:58:22 -  157300] [trace] Loaded managed function GetStringFieldLength (OtherCsBindings.ManagedObject, OtherCsBindings) | handle: 0x7ffa364c3d38
[2025-09-30 22:58:22 -  157300] [trace] Loaded managed function GetStringPropertyLength (OtherCsBindings.ManagedObject, OtherCsBindings) | handle: 0x7ffa364c3d50
[2025-09-30 22:58:22 -  157300] [trace] Loaded managed function CollectGarbage (OtherCsBindings.GarbageCollector, OtherCsBindings) | handle: 0x7ffa364c3d68
[2025-09-30 22:58:22 -  157300] [trace] Loaded managed function WaitForPendingFinalizers (OtherCsBindings.GarbageCollector, OtherCsBindings) | handle: 0x7ffa364c3d80
[2025-09-30 22:58:22 -  157300] [trace] Loaded managed function Entry (OtherCsBindings.Host, OtherCsBindings) | handle: 0x7ffa364c9608
[2025-09-30 22:58:22 -  157300] [info]  [C#] Initializing Other Environment .NET Host | Entry | 62
[2025-09-30 22:58:22 -  157300] [debug]  [C#] Loaded core assembly : System.Private.CoreLib, Version=9.0.0.0, Culture=neutral, PublicKeyToken=7cec85d7bea7798e | LoadNetCoreAssembly | 407
[2025-09-30 22:58:22 -  157300] [debug]  [C#] Loaded core assembly : System.Runtime, Version=9.0.0.0, Culture=neutral, PublicKeyToken=b03f5f7f11d50a3a | LoadNetCoreAssembly | 407
[2025-09-30 22:58:22 -  157300] [debug]  [C#] Loaded core assembly : System.Console, Version=9.0.0.0, Culture=neutral, PublicKeyToken=b03f5f7f11d50a3a | LoadNetCoreAssembly | 407
[2025-09-30 22:58:22 -  157300] [debug]  [C#] Loaded core assembly : System.Linq, Version=9.0.0.0, Culture=neutral, PublicKeyToken=b03f5f7f11d50a3a | LoadNetCoreAssembly | 407
[2025-09-30 22:58:22 -  157300] [debug]  [C#] Loaded core assembly : System.Collections, Version=9.0.0.0, Culture=neutral, PublicKeyToken=b03f5f7f11d50a3a | LoadNetCoreAssembly | 407
[2025-09-30 22:58:22 -  157300] [debug]  [C#] Loaded core assembly : System.Net.Http, Version=9.0.0.0, Culture=neutral, PublicKeyToken=b03f5f7f11d50a3a | LoadNetCoreAssembly | 407
[2025-09-30 22:58:22 -  157300] [debug]  [C#] Loaded core assembly : System.IO, Version=9.0.0.0, Culture=neutral, PublicKeyToken=b03f5f7f11d50a3a | LoadNetCoreAssembly | 407
[2025-09-30 22:58:22 -  157300] [debug]  [C#] Loaded core assembly : System.Threading, Version=9.0.0.0, Culture=neutral, PublicKeyToken=b03f5f7f11d50a3a | LoadNetCoreAssembly | 407
[2025-09-30 22:58:22 -  157300] [debug]  [C#] Bindings Assembly Loaded : [OtherCsBindings, Version=1.0.0.0, Culture=neutral, PublicKeyToken=null] | LoadCoreAssemblies | 378
[2025-09-30 22:58:22 -  157300] [info] Created assembly context [17414871673219451418:Other-DotNet-Assembly-Context]
[2025-09-30 22:58:22 -  157300] [info] Creating Python interpreter...
[2025-09-30 22:58:22 -  157300] [info] Loading assembly [2966715978935577213:OtherCs] from path: build/other-csharp/Debug/OtherCs.dll
[2025-09-30 22:58:22 -  157300] [debug]  [C#] Loading assembly 'build/other-csharp/Debug/OtherCs.dll' [-1536285599] | LoadManagedAssembly | 246
[2025-09-30 22:58:22 -  157300] [debug]  [C#] Successfully loaded assembly : 'OtherCs, Version=1.0.0.0, Culture=neutral, PublicKeyToken=null' [-1536285599] | LoadManagedAssembly | 286
[2025-09-30 22:58:22 -  157300] [trace]  [C#]   > Adding type Other.Debug to cache | GetAssemblyTypes | 164
[2025-09-30 22:58:22 -  157300] [trace]  [C#]   > Adding type Other.SerializableFieldAttribute to cache | GetAssemblyTypes | 164
[2025-09-30 22:58:22 -  157300] [trace]  [C#]   > Adding type Other.OtherObject to cache | GetAssemblyTypes | 164
[2025-09-30 22:58:22 -  157300] [debug] Initializing dotnet_type[Other.Debug] interface
[2025-09-30 22:58:22 -  157300] [debug] dotnet_type[Other.Debug] initialized
[2025-09-30 22:58:22 -  157300] [debug] Initializing dotnet_type[Other.SerializableFieldAttribute] interface
[2025-09-30 22:58:22 -  157300] [debug]  [C#] Adding attribute with ID : 8449953 System.AttributeUsageAttribute to cache for type Other.SerializableFieldAttribute | GetAttributes | 510
[2025-09-30 22:58:22 -  157300] [debug] Found attribute with ID 8449953 and type ID 42740526
[2025-09-30 22:58:22 -  157300] [debug] dotnet_type[Other.SerializableFieldAttribute] initialized
[2025-09-30 22:58:22 -  157300] [debug] Initializing dotnet_type[Other.OtherObject] interface
[2025-09-30 22:58:22 -  157300] [debug] dotnet_type[Other.OtherObject] initialized
[2025-09-30 22:58:22 -  157300] [debug] Loaded [3] types from assembly 2966715978935577213
[2025-09-30 22:58:22 -  157300] [info] Loaded assembly [2966715978935577213:OtherCs]
[2025-09-30 22:58:22 -  157300] [debug] Loaded assembly [2966715978935577213:OtherCs] from path: build/other-csharp/Debug/OtherCs.dll
[2025-09-30 22:58:22 -  157300] [info] Running Other Environment driver...
[2025-09-30 22:58:22 -  157300] [warning] Config key 'scripting.dotnet-modules' not found, returning default value.
[2025-09-30 22:58:22 -  157300] [debug] Server state changed to SERVER_STATE_INITIALIZING
[2025-09-30 22:58:22 -  157288] [debug] Thread [OtherServer-Network-Thread] waiting for initialization...
[2025-09-30 22:58:22 -  157288] [debug] Thread [OtherServer-Network-Thread] initialization successful
[2025-09-30 22:58:22 -  157288] [debug] Thread [OtherServer-Network-Thread] waiting to start...
[2025-09-30 22:58:22 -  157288] [debug] Thread [OtherServer-Network-Thread] started
[2025-09-30 22:58:22 -  157300] [debug] PENDING-ACK [0x0003:0x0004] (timeout: 10000000 us)
[2025-09-30 22:58:22 -  157288] [debug] Thread [OtherServer-Network-Thread] start successful
[2025-09-30 22:58:22 -  157288] [info] Network thread listening for incoming connections on port 49222
[2025-09-30 22:58:22 -  157300] [trace] Processing message from network thread [0x0001:0x0001] [4 bytes]
[2025-09-30 22:58:22 -  157300] [debug]   - ACK
[2025-09-30 22:58:22 -  157300] [debug] Acknowledgment received for message [0x0003:0x0004]
[2025-09-30 22:58:22 -  157300] [trace] Invoking acknowledgment callback for message [0x0003:0x0004]
[2025-09-30 22:58:22 -  157300] [info] Network thread acknowledged event request at session check in for session [4]
[2025-09-30 22:58:22 -  157300] [debug] Server state changed to SERVER_STATE_RUNNING
[2025-09-30 22:58:22 -  157300] [debug] Starting Other application : 1
[2025-09-30 22:58:22 -  157300] [debug] PENDING-RESPONSE [0x0004:0x0005]
[2025-09-30 22:58:22 -  157288] [debug] Preparing event listener for CHECK-IN [1]
[2025-09-30 22:58:22 -  157288] [debug]  - Registered check-in listener for session ID 1
[2025-09-30 22:58:23 -  157288] [debug] Session 1 starting initialization
[2025-09-30 22:58:23 -  157288] [debug] Session 1 finished reading 12 bytes
[2025-09-30 22:58:23 -  157288] [trace] 
[session 1]:
[adding to read queue]
0x2 0x0 0x2 0x0 0x1 0x0 0x0 0x0 0x0 0x0 0x0 0x0 
[2025-09-30 22:58:23 -  157288] [trace] 
[session 1]:
[received 12 bytes]
0x2 0x0 0x2 0x0 0x1 0x0 0x0 0x0 0x0 0x0 0x0 0x0 
[2025-09-30 22:58:23 -  157288] [debug] Received PING from session 1
[2025-09-30 22:58:23 -  157288] [debug] Received PING from session 1
[2025-09-30 22:58:23 -  157288] [trace] 
[session 1]:
[writing 4 bytes]
0x2 0x0 0x3 0x0 
[2025-09-30 22:58:23 -  157288] [debug] Connection 1 checking in with session id 1
[2025-09-30 22:58:23 -  157300] [trace] Processing message from network thread [0x0005:0x0005] [8 bytes]
[2025-09-30 22:58:23 -  157288] [info] Session 1 successfully checked in
[2025-09-30 22:58:23 -  157300] [debug]   - RESPONSE
[2025-09-30 22:58:23 -  157300] [debug] Response received for message [0x0005:0x0005]
[2025-09-30 22:58:23 -  157300] [trace] Invoking response callback for message [0x0005:0x0005]
[2025-09-30 22:58:23 -  157300] [debug] finalizing connection to pending application : 1
[2025-09-30 22:58:23 -  157300] [debug] Session 1 connection finalized
[2025-09-30 22:58:25 -  157288] [trace] Read error on session 1: An existing connection was forcibly closed by the remote host.
[2025-09-30 22:58:25 -  157288] [debug] Connection closed for client 1
[2025-09-30 22:58:25 -  157288] [debug] Session 1 finalized shutdown
[2025-09-30 22:58:25 -  157288] [warning] No valid transition for event '4' in state '2'
[2025-09-30 22:58:25 -  157300] [trace] Processing message from network thread [0x0000:0x0006] [8 bytes]
[2025-09-30 22:58:25 -  157288] [trace] Read error on session 1: The I/O operation has been aborted because of either a thread exit or an application request.
[2025-09-30 22:58:25 -  157300] [info] Session 1 has been closed by the network thread
[2025-09-30 22:58:25 -  157300] [info] Other application [build/development-drivers/Debug/runtime_dev.exe] has disconnected
[2025-09-30 22:58:27 -  157300] [info] Received signal 2, shutting down server...
[2025-09-30 22:58:27 -  157300] [debug] Server state changed to SERVER_STATE_SHUTTING_DOWN
[2025-09-30 22:58:27 -  157300] [debug] Sending shutdown request to network thread...
[2025-09-30 22:58:27 -  157300] [debug] PENDING-ACK [0x0003:0x000a] (timeout: 3000000 us)
[2025-09-30 22:58:27 -  157288] [debug] Received shutdown request, shutting down network thread...
[2025-09-30 22:58:27 -  157288] [debug] All connections closed, completing network thread shutdown.
[2025-09-30 22:58:27 -  157300] [trace] Processing message from network thread [0x0001:0x0001] [4 bytes]
[2025-09-30 22:58:27 -  157300] [debug]   - ACK
[2025-09-30 22:58:27 -  157300] [debug] Acknowledgment received for message [0x0003:0x000a]
[2025-09-30 22:58:27 -  157300] [trace] Invoking acknowledgment callback for message [0x0003:0x000a]
[2025-09-30 22:58:27 -  157300] [debug] Network thread acknowledged shutdown request
[2025-09-30 22:58:27 -  157300] [debug] Thread [OtherServer-Network-Thread] starting shutdown
[2025-09-30 22:58:27 -  157288] [debug] Thread [OtherServer-Network-Thread] waiting for shutdown...
[2025-09-30 22:58:27 -  157288] [debug] Thread [OtherServer-Network-Thread] shutting down
[2025-09-30 22:58:27 -  157288] [debug] Network thread shutdown complete.
[2025-09-30 22:58:27 -  157300] [debug] Thread [OtherServer-Network-Thread] stopped
[2025-09-30 22:58:27 -  157300] [debug] Server state changed to SERVER_STATE_SHUT_DOWN
[2025-09-30 22:58:27 -  157300] [debug] Server shut down complete
[2025-09-30 22:58:27 -  157300] [info] Server shutdown complete.
[2025-09-30 22:58:27 -  157300] [info] Unloading assembly [2966715978935577213:OtherCs]
[2025-09-30 22:58:27 -  157300] [debug] All assemblies unloaded from .NET context [17414871673219451418:Other-DotNet-Assembly-Context]
[2025-09-30 22:58:27 -  157300] [info] Destroying assembly context [17414871673219451418:Other-DotNet-Assembly-Context]
[2025-09-30 22:58:27 -  157300] [info] Destroyed assembly context with ID 17414871673219451418
[2025-09-30 22:58:27 -  157300] [info] Created assembly context [17414871673219451418:Other-DotNet-Assembly-Context]
[2025-09-30 22:58:27 -  157300] [info] Destroying Python interpreter...
[2025-09-30 22:58:27 -  157300] [debug] Unloading all assemblies from context [17414871673219451418:Other-DotNet-Assembly-Context]
[2025-09-30 22:58:27 -  157300] [info] Destroying assembly context [17414871673219451418:Other-DotNet-Assembly-Context]
[2025-09-30 22:58:27 -  157300] [info] Destroyed assembly context with ID 17414871673219451418
[2025-09-30 22:58:27 -  157300] [info] Other Environment driver finished with exit code: SUCCESS
