Info,  T655728: begin import of model: tests/resources/models/suzanne3.fbx
Info,  T655728: Load tests/resources/models/suzanne3.fbx
Debug, T655728: Assimp 6.0.3674988149 amd64 msvc debug shared singlethreadedsingle : 
Info,  T655728: Found a matching importer for this file format: Autodesk FBX Importer.
Info,  T655728: Import root directory is 'tests/resources/models\'
Debug, T655728: Reading FBX file
Debug, T655728: Tokenizing binary FBX file
Debug, T655728: FBX version: 7400
Debug, T655728: Parsing FBX tokens
Debug, T655728: Creating FBX Document
Debug, T655728: FBX Version: 7400
Error, T655728: FBX: no material assigned to mesh, setting default material
Debug, T655728: UpdateImporterScale scale set: 0.01
Debug, T655728: ValidateDataStructureProcess begin
Debug, T655728: ValidateDataStructureProcess end
Info,  T655728: Entering post processing pipeline
Debug, T655728: FindInstancesProcess begin
Debug, T655728: FindInstancesProcess finished. No instanced meshes found
Debug, T655728: OptimizeGraphProcess begin
Info,  T655728: OptimizeGraphProcess finished; Input nodes: 4, Output nodes: 1
Debug, T655728: GenUVCoordsProcess begin
Debug, T655728: GenUVCoordsProcess finished
Debug, T655728: TriangulateProcess begin
Debug, T655728: TriangulateProcess finished. There was nothing to be done.
Debug, T655728: FindDegeneratesProcess begin
Debug, T655728: FindDegeneratesProcess finished
Debug, T655728: FindInvalidDataProcess begin
Info,  T655728: FindInvalidDataProcess finished. Found issues ...
Debug, T655728: OptimizeMeshesProcess begin
Debug, T655728: OptimizeMeshesProcess finished. Input meshes: 3, Output meshes: 1
Debug, T655728: Generate spatially-sorted vertex cache
Debug, T655728: CalcTangentsProcess begin
Debug, T655728: CalcTangentsProcess finished
Debug, T655728: JoinVerticesProcess begin
Debug, T655728: Mesh 0 (Torus.002.Cube.001.Suzanne.001) | Verts in: 6393 out: 5163 | ~19.2398%
Info,  T655728: JoinVerticesProcess finished | Verts in: 6393 out: 5163 | ~19.2398
Info,  T655728: Leaving post processing pipeline
Info,  T655728: Model loaded successfully: tests/resources/models/suzanne3.fbx
